unit WORDS
types 0
exports 3
  const GREETING: string = 4
  function LABEL_(): string
  procedure ANNOUNCE()
imports 5
  wasi_snapshot_preview1.fd_write
  wasi_snapshot_preview1.fd_read
  wasi_snapshot_preview1.proc_exit
  wasi_snapshot_preview1.args_sizes_get
  wasi_snapshot_preview1.args_get
bodies 2
  LABEL_
  ANNOUNCE
data 34 bytes
elements 0
externs 0
relocations 19
  data in body 0 -> 4
  data in body 0 -> 8
  data in body 1 -> 10
  data in body 1 -> 8
  data in body 1 -> 9
  data in body 1 -> 20
  data in body 1 -> 33
  data in body 1 -> 24
  data in body 1 -> 20
  data in body 1 -> 28
  data in body 1 -> 0
  data in body 1 -> 4
  data in body 1 -> 9
  data in body 1 -> 20
  data in body 1 -> 32
  data in body 1 -> 24
  data in body 1 -> 20
  data in body 1 -> 28
  data in body 1 -> 0
