unit U
types 0
exports 1
  procedure P()
imports 8
  wasi_snapshot_preview1.fd_write
  wasi_snapshot_preview1.fd_read
  wasi_snapshot_preview1.proc_exit
  wasi_snapshot_preview1.args_sizes_get
  wasi_snapshot_preview1.args_get
  wasi_snapshot_preview1.path_open
  wasi_snapshot_preview1.fd_close
  wasi_snapshot_preview1.fd_prestat_get
bodies 1
  P
data 2 bytes
elements 0
externs 0
relocations 2
  data in body 0 -> 4
  func in body 0 -> 11
